[2026-07-28T20:54:04.687Z] [RECALIBRATION_FAILURE] Command failed: python D:\AI Trading Bot\Trading Bot Virsions\BATBOT_V11-Antigravity\BATBOT_V11\training\prepare_data.py
Traceback (most recent call last):
  File "D:\AI Trading Bot\Trading Bot Virsions\BATBOT_V11-Antigravity\BATBOT_V11\training\prepare_data.py", line 16, in <module>
    import polars as pl
ModuleNotFoundError: No module named 'polars'

[2026-07-28T20:58:50.351Z] [RECALIBRATION_FAILURE] Command failed: python D:\AI Trading Bot\Trading Bot Virsions\BATBOT_V11-Antigravity\BATBOT_V11\training\prepare_data.py
Traceback (most recent call last):
  File "D:\AI Trading Bot\Trading Bot Virsions\BATBOT_V11-Antigravity\BATBOT_V11\training\prepare_data.py", line 16, in <module>
    import polars as pl
ModuleNotFoundError: No module named 'polars'

[2026-07-28T20:59:50.305Z] [RECALIBRATION_FAILURE] Command failed: python D:\AI Trading Bot\Trading Bot Virsions\BATBOT_V11-Antigravity\BATBOT_V11\training\prepare_data.py
Traceback (most recent call last):
  File "D:\AI Trading Bot\Trading Bot Virsions\BATBOT_V11-Antigravity\BATBOT_V11\training\prepare_data.py", line 16, in <module>
    import polars as pl
ModuleNotFoundError: No module named 'polars'

[2026-07-28T21:00:50.336Z] [RECALIBRATION_FAILURE] Command failed: python D:\AI Trading Bot\Trading Bot Virsions\BATBOT_V11-Antigravity\BATBOT_V11\training\prepare_data.py
Traceback (most recent call last):
  File "D:\AI Trading Bot\Trading Bot Virsions\BATBOT_V11-Antigravity\BATBOT_V11\training\prepare_data.py", line 16, in <module>
    import polars as pl
ModuleNotFoundError: No module named 'polars'

[2026-07-28T21:01:50.471Z] [RECALIBRATION_FAILURE] Command failed: python D:\AI Trading Bot\Trading Bot Virsions\BATBOT_V11-Antigravity\BATBOT_V11\training\prepare_data.py
Traceback (most recent call last):
  File "D:\AI Trading Bot\Trading Bot Virsions\BATBOT_V11-Antigravity\BATBOT_V11\training\prepare_data.py", line 16, in <module>
    import polars as pl
ModuleNotFoundError: No module named 'polars'

[2026-07-28T21:02:50.261Z] [RECALIBRATION_FAILURE] Command failed: python D:\AI Trading Bot\Trading Bot Virsions\BATBOT_V11-Antigravity\BATBOT_V11\training\prepare_data.py
Traceback (most recent call last):
  File "D:\AI Trading Bot\Trading Bot Virsions\BATBOT_V11-Antigravity\BATBOT_V11\training\prepare_data.py", line 16, in <module>
    import polars as pl
ModuleNotFoundError: No module named 'polars'

[2026-07-28T21:03:50.336Z] [RECALIBRATION_FAILURE] Command failed: python D:\AI Trading Bot\Trading Bot Virsions\BATBOT_V11-Antigravity\BATBOT_V11\training\prepare_data.py
Traceback (most recent call last):
  File "D:\AI Trading Bot\Trading Bot Virsions\BATBOT_V11-Antigravity\BATBOT_V11\training\prepare_data.py", line 16, in <module>
    import polars as pl
ModuleNotFoundError: No module named 'polars'

[2026-07-28T21:04:50.431Z] [RECALIBRATION_FAILURE] Command failed: python D:\AI Trading Bot\Trading Bot Virsions\BATBOT_V11-Antigravity\BATBOT_V11\training\prepare_data.py
Traceback (most recent call last):
  File "D:\AI Trading Bot\Trading Bot Virsions\BATBOT_V11-Antigravity\BATBOT_V11\training\prepare_data.py", line 16, in <module>
    import polars as pl
ModuleNotFoundError: No module named 'polars'

[2026-07-28T21:05:50.416Z] [RECALIBRATION_FAILURE] Command failed: python D:\AI Trading Bot\Trading Bot Virsions\BATBOT_V11-Antigravity\BATBOT_V11\training\prepare_data.py
Traceback (most recent call last):
  File "D:\AI Trading Bot\Trading Bot Virsions\BATBOT_V11-Antigravity\BATBOT_V11\training\prepare_data.py", line 16, in <module>
    import polars as pl
ModuleNotFoundError: No module named 'polars'

[2026-07-28T21:24:22.944Z] [RECALIBRATION_FAILURE] Command failed: python D:\AI Trading Bot\Trading Bot Virsions\BATBOT_V11-Antigravity\BATBOT_V11\training\prepare_data.py
Traceback (most recent call last):
  File "D:\AI Trading Bot\Trading Bot Virsions\BATBOT_V11-Antigravity\BATBOT_V11\training\prepare_data.py", line 16, in <module>
    import polars as pl
ModuleNotFoundError: No module named 'polars'

[2026-07-28T22:05:45.389Z] [RECALIBRATION_FAILURE] Command failed: python D:\AI Trading Bot\Trading Bot Virsions\BATBOT_V11-Antigravity\BATBOT_V11\training\prepare_data.py
Traceback (most recent call last):
  File "D:\AI Trading Bot\Trading Bot Virsions\BATBOT_V11-Antigravity\BATBOT_V11\training\prepare_data.py", line 16, in <module>
    import polars as pl
ModuleNotFoundError: No module named 'polars'

[2026-07-28T22:06:45.156Z] [RECALIBRATION_FAILURE] Command failed: python D:\AI Trading Bot\Trading Bot Virsions\BATBOT_V11-Antigravity\BATBOT_V11\training\prepare_data.py
Traceback (most recent call last):
  File "D:\AI Trading Bot\Trading Bot Virsions\BATBOT_V11-Antigravity\BATBOT_V11\training\prepare_data.py", line 16, in <module>
    import polars as pl
ModuleNotFoundError: No module named 'polars'

[2026-07-28T22:07:45.247Z] [RECALIBRATION_FAILURE] Command failed: python D:\AI Trading Bot\Trading Bot Virsions\BATBOT_V11-Antigravity\BATBOT_V11\training\prepare_data.py
Traceback (most recent call last):
  File "D:\AI Trading Bot\Trading Bot Virsions\BATBOT_V11-Antigravity\BATBOT_V11\training\prepare_data.py", line 16, in <module>
    import polars as pl
ModuleNotFoundError: No module named 'polars'

[2026-07-28T22:08:45.251Z] [RECALIBRATION_FAILURE] Command failed: python D:\AI Trading Bot\Trading Bot Virsions\BATBOT_V11-Antigravity\BATBOT_V11\training\prepare_data.py
Traceback (most recent call last):
  File "D:\AI Trading Bot\Trading Bot Virsions\BATBOT_V11-Antigravity\BATBOT_V11\training\prepare_data.py", line 16, in <module>
    import polars as pl
ModuleNotFoundError: No module named 'polars'

[2026-07-28T22:09:45.369Z] [RECALIBRATION_FAILURE] Command failed: python D:\AI Trading Bot\Trading Bot Virsions\BATBOT_V11-Antigravity\BATBOT_V11\training\prepare_data.py
Traceback (most recent call last):
  File "D:\AI Trading Bot\Trading Bot Virsions\BATBOT_V11-Antigravity\BATBOT_V11\training\prepare_data.py", line 16, in <module>
    import polars as pl
ModuleNotFoundError: No module named 'polars'

[2026-07-28T22:10:45.326Z] [RECALIBRATION_FAILURE] Command failed: python D:\AI Trading Bot\Trading Bot Virsions\BATBOT_V11-Antigravity\BATBOT_V11\training\prepare_data.py
Traceback (most recent call last):
  File "D:\AI Trading Bot\Trading Bot Virsions\BATBOT_V11-Antigravity\BATBOT_V11\training\prepare_data.py", line 16, in <module>
    import polars as pl
ModuleNotFoundError: No module named 'polars'

[2026-07-28T22:11:45.276Z] [RECALIBRATION_FAILURE] Command failed: python D:\AI Trading Bot\Trading Bot Virsions\BATBOT_V11-Antigravity\BATBOT_V11\training\prepare_data.py
Traceback (most recent call last):
  File "D:\AI Trading Bot\Trading Bot Virsions\BATBOT_V11-Antigravity\BATBOT_V11\training\prepare_data.py", line 16, in <module>
    import polars as pl
ModuleNotFoundError: No module named 'polars'

[2026-07-28T22:12:45.339Z] [RECALIBRATION_FAILURE] Command failed: python D:\AI Trading Bot\Trading Bot Virsions\BATBOT_V11-Antigravity\BATBOT_V11\training\prepare_data.py
Traceback (most recent call last):
  File "D:\AI Trading Bot\Trading Bot Virsions\BATBOT_V11-Antigravity\BATBOT_V11\training\prepare_data.py", line 16, in <module>
    import polars as pl
ModuleNotFoundError: No module named 'polars'

[2026-07-28T22:13:45.510Z] [RECALIBRATION_FAILURE] Command failed: python D:\AI Trading Bot\Trading Bot Virsions\BATBOT_V11-Antigravity\BATBOT_V11\training\prepare_data.py
Traceback (most recent call last):
  File "D:\AI Trading Bot\Trading Bot Virsions\BATBOT_V11-Antigravity\BATBOT_V11\training\prepare_data.py", line 16, in <module>
    import polars as pl
ModuleNotFoundError: No module named 'polars'

[2026-07-28T22:14:45.538Z] [RECALIBRATION_FAILURE] Command failed: python D:\AI Trading Bot\Trading Bot Virsions\BATBOT_V11-Antigravity\BATBOT_V11\training\prepare_data.py
Traceback (most recent call last):
  File "D:\AI Trading Bot\Trading Bot Virsions\BATBOT_V11-Antigravity\BATBOT_V11\training\prepare_data.py", line 16, in <module>
    import polars as pl
ModuleNotFoundError: No module named 'polars'

[2026-07-28T22:15:45.301Z] [RECALIBRATION_FAILURE] Command failed: python D:\AI Trading Bot\Trading Bot Virsions\BATBOT_V11-Antigravity\BATBOT_V11\training\prepare_data.py
Traceback (most recent call last):
  File "D:\AI Trading Bot\Trading Bot Virsions\BATBOT_V11-Antigravity\BATBOT_V11\training\prepare_data.py", line 16, in <module>
    import polars as pl
ModuleNotFoundError: No module named 'polars'

[2026-07-28T22:16:45.415Z] [RECALIBRATION_FAILURE] Command failed: python D:\AI Trading Bot\Trading Bot Virsions\BATBOT_V11-Antigravity\BATBOT_V11\training\prepare_data.py
Traceback (most recent call last):
  File "D:\AI Trading Bot\Trading Bot Virsions\BATBOT_V11-Antigravity\BATBOT_V11\training\prepare_data.py", line 16, in <module>
    import polars as pl
ModuleNotFoundError: No module named 'polars'

[2026-07-28T22:17:45.444Z] [RECALIBRATION_FAILURE] Command failed: python D:\AI Trading Bot\Trading Bot Virsions\BATBOT_V11-Antigravity\BATBOT_V11\training\prepare_data.py
Traceback (most recent call last):
  File "D:\AI Trading Bot\Trading Bot Virsions\BATBOT_V11-Antigravity\BATBOT_V11\training\prepare_data.py", line 16, in <module>
    import polars as pl
ModuleNotFoundError: No module named 'polars'

[2026-07-28T22:18:45.452Z] [RECALIBRATION_FAILURE] Command failed: python D:\AI Trading Bot\Trading Bot Virsions\BATBOT_V11-Antigravity\BATBOT_V11\training\prepare_data.py
Traceback (most recent call last):
  File "D:\AI Trading Bot\Trading Bot Virsions\BATBOT_V11-Antigravity\BATBOT_V11\training\prepare_data.py", line 16, in <module>
    import polars as pl
ModuleNotFoundError: No module named 'polars'

[2026-07-28T22:19:45.462Z] [RECALIBRATION_FAILURE] Command failed: python D:\AI Trading Bot\Trading Bot Virsions\BATBOT_V11-Antigravity\BATBOT_V11\training\prepare_data.py
Traceback (most recent call last):
  File "D:\AI Trading Bot\Trading Bot Virsions\BATBOT_V11-Antigravity\BATBOT_V11\training\prepare_data.py", line 16, in <module>
    import polars as pl
ModuleNotFoundError: No module named 'polars'

[2026-07-28T22:20:45.741Z] [RECALIBRATION_FAILURE] Command failed: python D:\AI Trading Bot\Trading Bot Virsions\BATBOT_V11-Antigravity\BATBOT_V11\training\prepare_data.py
Traceback (most recent call last):
  File "D:\AI Trading Bot\Trading Bot Virsions\BATBOT_V11-Antigravity\BATBOT_V11\training\prepare_data.py", line 16, in <module>
    import polars as pl
ModuleNotFoundError: No module named 'polars'

[2026-07-28T22:21:45.414Z] [RECALIBRATION_FAILURE] Command failed: python D:\AI Trading Bot\Trading Bot Virsions\BATBOT_V11-Antigravity\BATBOT_V11\training\prepare_data.py
Traceback (most recent call last):
  File "D:\AI Trading Bot\Trading Bot Virsions\BATBOT_V11-Antigravity\BATBOT_V11\training\prepare_data.py", line 16, in <module>
    import polars as pl
ModuleNotFoundError: No module named 'polars'

[2026-07-28T22:22:45.390Z] [RECALIBRATION_FAILURE] Command failed: python D:\AI Trading Bot\Trading Bot Virsions\BATBOT_V11-Antigravity\BATBOT_V11\training\prepare_data.py
Traceback (most recent call last):
  File "D:\AI Trading Bot\Trading Bot Virsions\BATBOT_V11-Antigravity\BATBOT_V11\training\prepare_data.py", line 16, in <module>
    import polars as pl
ModuleNotFoundError: No module named 'polars'

[2026-07-28T22:23:45.464Z] [RECALIBRATION_FAILURE] Command failed: python D:\AI Trading Bot\Trading Bot Virsions\BATBOT_V11-Antigravity\BATBOT_V11\training\prepare_data.py
Traceback (most recent call last):
  File "D:\AI Trading Bot\Trading Bot Virsions\BATBOT_V11-Antigravity\BATBOT_V11\training\prepare_data.py", line 16, in <module>
    import polars as pl
ModuleNotFoundError: No module named 'polars'

[2026-07-28T22:24:45.268Z] [RECALIBRATION_FAILURE] Command failed: python D:\AI Trading Bot\Trading Bot Virsions\BATBOT_V11-Antigravity\BATBOT_V11\training\prepare_data.py
Traceback (most recent call last):
  File "D:\AI Trading Bot\Trading Bot Virsions\BATBOT_V11-Antigravity\BATBOT_V11\training\prepare_data.py", line 16, in <module>
    import polars as pl
ModuleNotFoundError: No module named 'polars'

[2026-07-28T22:25:45.335Z] [RECALIBRATION_FAILURE] Command failed: python D:\AI Trading Bot\Trading Bot Virsions\BATBOT_V11-Antigravity\BATBOT_V11\training\prepare_data.py
Traceback (most recent call last):
  File "D:\AI Trading Bot\Trading Bot Virsions\BATBOT_V11-Antigravity\BATBOT_V11\training\prepare_data.py", line 16, in <module>
    import polars as pl
ModuleNotFoundError: No module named 'polars'

[2026-07-28T22:26:45.402Z] [RECALIBRATION_FAILURE] Command failed: python D:\AI Trading Bot\Trading Bot Virsions\BATBOT_V11-Antigravity\BATBOT_V11\training\prepare_data.py
Traceback (most recent call last):
  File "D:\AI Trading Bot\Trading Bot Virsions\BATBOT_V11-Antigravity\BATBOT_V11\training\prepare_data.py", line 16, in <module>
    import polars as pl
ModuleNotFoundError: No module named 'polars'

[2026-07-28T22:27:45.290Z] [RECALIBRATION_FAILURE] Command failed: python D:\AI Trading Bot\Trading Bot Virsions\BATBOT_V11-Antigravity\BATBOT_V11\training\prepare_data.py
Traceback (most recent call last):
  File "D:\AI Trading Bot\Trading Bot Virsions\BATBOT_V11-Antigravity\BATBOT_V11\training\prepare_data.py", line 16, in <module>
    import polars as pl
ModuleNotFoundError: No module named 'polars'

[2026-07-28T22:28:45.263Z] [RECALIBRATION_FAILURE] Command failed: python D:\AI Trading Bot\Trading Bot Virsions\BATBOT_V11-Antigravity\BATBOT_V11\training\prepare_data.py
Traceback (most recent call last):
  File "D:\AI Trading Bot\Trading Bot Virsions\BATBOT_V11-Antigravity\BATBOT_V11\training\prepare_data.py", line 16, in <module>
    import polars as pl
ModuleNotFoundError: No module named 'polars'

[2026-07-28T22:29:45.364Z] [RECALIBRATION_FAILURE] Command failed: python D:\AI Trading Bot\Trading Bot Virsions\BATBOT_V11-Antigravity\BATBOT_V11\training\prepare_data.py
Traceback (most recent call last):
  File "D:\AI Trading Bot\Trading Bot Virsions\BATBOT_V11-Antigravity\BATBOT_V11\training\prepare_data.py", line 16, in <module>
    import polars as pl
ModuleNotFoundError: No module named 'polars'

[2026-07-28T22:30:45.726Z] [RECALIBRATION_FAILURE] Command failed: python D:\AI Trading Bot\Trading Bot Virsions\BATBOT_V11-Antigravity\BATBOT_V11\training\prepare_data.py
Traceback (most recent call last):
  File "D:\AI Trading Bot\Trading Bot Virsions\BATBOT_V11-Antigravity\BATBOT_V11\training\prepare_data.py", line 16, in <module>
    import polars as pl
ModuleNotFoundError: No module named 'polars'

[2026-07-28T22:31:45.413Z] [RECALIBRATION_FAILURE] Command failed: python D:\AI Trading Bot\Trading Bot Virsions\BATBOT_V11-Antigravity\BATBOT_V11\training\prepare_data.py
Traceback (most recent call last):
  File "D:\AI Trading Bot\Trading Bot Virsions\BATBOT_V11-Antigravity\BATBOT_V11\training\prepare_data.py", line 16, in <module>
    import polars as pl
ModuleNotFoundError: No module named 'polars'

[2026-07-28T22:32:45.463Z] [RECALIBRATION_FAILURE] Command failed: python D:\AI Trading Bot\Trading Bot Virsions\BATBOT_V11-Antigravity\BATBOT_V11\training\prepare_data.py
Traceback (most recent call last):
  File "D:\AI Trading Bot\Trading Bot Virsions\BATBOT_V11-Antigravity\BATBOT_V11\training\prepare_data.py", line 16, in <module>
    import polars as pl
ModuleNotFoundError: No module named 'polars'

[2026-07-28T22:33:45.890Z] [RECALIBRATION_FAILURE] Command failed: python D:\AI Trading Bot\Trading Bot Virsions\BATBOT_V11-Antigravity\BATBOT_V11\training\prepare_data.py
Traceback (most recent call last):
  File "D:\AI Trading Bot\Trading Bot Virsions\BATBOT_V11-Antigravity\BATBOT_V11\training\prepare_data.py", line 16, in <module>
    import polars as pl
ModuleNotFoundError: No module named 'polars'

[2026-07-29T07:05:09.143Z] [RECALIBRATION_FAILURE] Command failed: python D:\AI Trading Bot\Trading Bot Virsions\BATBOT_V11-Antigravity\BATBOT_V11\training\prepare_data.py
Traceback (most recent call last):
  File "D:\AI Trading Bot\Trading Bot Virsions\BATBOT_V11-Antigravity\BATBOT_V11\training\prepare_data.py", line 16, in <module>
    import polars as pl
ModuleNotFoundError: No module named 'polars'

[2026-07-29T07:07:18.553Z] [RECALIBRATION_FAILURE] Command failed: python D:\AI Trading Bot\Trading Bot Virsions\BATBOT_V11-Antigravity\BATBOT_V11\training\prepare_data.py
Traceback (most recent call last):
  File "D:\AI Trading Bot\Trading Bot Virsions\BATBOT_V11-Antigravity\BATBOT_V11\training\prepare_data.py", line 16, in <module>
    import polars as pl
ModuleNotFoundError: No module named 'polars'

[2026-07-29T07:08:18.383Z] [RECALIBRATION_FAILURE] Command failed: python D:\AI Trading Bot\Trading Bot Virsions\BATBOT_V11-Antigravity\BATBOT_V11\training\prepare_data.py
Traceback (most recent call last):
  File "D:\AI Trading Bot\Trading Bot Virsions\BATBOT_V11-Antigravity\BATBOT_V11\training\prepare_data.py", line 16, in <module>
    import polars as pl
ModuleNotFoundError: No module named 'polars'

[2026-07-29T07:09:18.149Z] [RECALIBRATION_FAILURE] Command failed: python D:\AI Trading Bot\Trading Bot Virsions\BATBOT_V11-Antigravity\BATBOT_V11\training\prepare_data.py
Traceback (most recent call last):
  File "D:\AI Trading Bot\Trading Bot Virsions\BATBOT_V11-Antigravity\BATBOT_V11\training\prepare_data.py", line 16, in <module>
    import polars as pl
ModuleNotFoundError: No module named 'polars'

[2026-07-29T07:10:17.911Z] [RECALIBRATION_FAILURE] Command failed: python D:\AI Trading Bot\Trading Bot Virsions\BATBOT_V11-Antigravity\BATBOT_V11\training\prepare_data.py
Traceback (most recent call last):
  File "D:\AI Trading Bot\Trading Bot Virsions\BATBOT_V11-Antigravity\BATBOT_V11\training\prepare_data.py", line 16, in <module>
    import polars as pl
ModuleNotFoundError: No module named 'polars'

[2026-07-29T07:51:31.822Z] [RECALIBRATION_FAILURE] Command failed: python D:\AI Trading Bot\Trading Bot Virsions\BATBOT_V11-Antigravity\BATBOT_V11\training\prepare_data.py
Traceback (most recent call last):
  File "D:\AI Trading Bot\Trading Bot Virsions\BATBOT_V11-Antigravity\BATBOT_V11\training\prepare_data.py", line 16, in <module>
    import polars as pl
ModuleNotFoundError: No module named 'polars'

[2026-07-29T07:53:39.191Z] [RECALIBRATION_FAILURE] Command failed: python D:\AI Trading Bot\Trading Bot Virsions\BATBOT_V11-Antigravity\BATBOT_V11\training\prepare_data.py
Traceback (most recent call last):
  File "D:\AI Trading Bot\Trading Bot Virsions\BATBOT_V11-Antigravity\BATBOT_V11\training\prepare_data.py", line 16, in <module>
    import polars as pl
ModuleNotFoundError: No module named 'polars'

[2026-07-29T07:54:39.166Z] [RECALIBRATION_FAILURE] Command failed: python D:\AI Trading Bot\Trading Bot Virsions\BATBOT_V11-Antigravity\BATBOT_V11\training\prepare_data.py
Traceback (most recent call last):
  File "D:\AI Trading Bot\Trading Bot Virsions\BATBOT_V11-Antigravity\BATBOT_V11\training\prepare_data.py", line 16, in <module>
    import polars as pl
ModuleNotFoundError: No module named 'polars'

[2026-07-29T07:55:39.255Z] [RECALIBRATION_FAILURE] Command failed: python D:\AI Trading Bot\Trading Bot Virsions\BATBOT_V11-Antigravity\BATBOT_V11\training\prepare_data.py
Traceback (most recent call last):
  File "D:\AI Trading Bot\Trading Bot Virsions\BATBOT_V11-Antigravity\BATBOT_V11\training\prepare_data.py", line 16, in <module>
    import polars as pl
ModuleNotFoundError: No module named 'polars'

[2026-07-29T07:56:39.260Z] [RECALIBRATION_FAILURE] Command failed: python D:\AI Trading Bot\Trading Bot Virsions\BATBOT_V11-Antigravity\BATBOT_V11\training\prepare_data.py
Traceback (most recent call last):
  File "D:\AI Trading Bot\Trading Bot Virsions\BATBOT_V11-Antigravity\BATBOT_V11\training\prepare_data.py", line 16, in <module>
    import polars as pl
ModuleNotFoundError: No module named 'polars'

[2026-07-29T08:02:27.559Z] [RECALIBRATION_FAILURE] Command failed: python D:\AI Trading Bot\Trading Bot Virsions\BATBOT_V11-Antigravity\BATBOT_V11\training\prepare_data.py
Traceback (most recent call last):
  File "D:\AI Trading Bot\Trading Bot Virsions\BATBOT_V11-Antigravity\BATBOT_V11\training\prepare_data.py", line 16, in <module>
    import polars as pl
ModuleNotFoundError: No module named 'polars'

[2026-07-29T08:06:08.118Z] [RECALIBRATION_FAILURE] Command failed: python D:\AI Trading Bot\Trading Bot Virsions\BATBOT_V11-Antigravity\BATBOT_V11\training\prepare_data.py
Traceback (most recent call last):
  File "D:\AI Trading Bot\Trading Bot Virsions\BATBOT_V11-Antigravity\BATBOT_V11\training\prepare_data.py", line 16, in <module>
    import polars as pl
ModuleNotFoundError: No module named 'polars'

[2026-07-29T08:07:08.021Z] [RECALIBRATION_FAILURE] Command failed: python D:\AI Trading Bot\Trading Bot Virsions\BATBOT_V11-Antigravity\BATBOT_V11\training\prepare_data.py
Traceback (most recent call last):
  File "D:\AI Trading Bot\Trading Bot Virsions\BATBOT_V11-Antigravity\BATBOT_V11\training\prepare_data.py", line 16, in <module>
    import polars as pl
ModuleNotFoundError: No module named 'polars'

[2026-07-29T08:08:09.513Z] [RECALIBRATION_FAILURE] Command failed: python D:\AI Trading Bot\Trading Bot Virsions\BATBOT_V11-Antigravity\BATBOT_V11\training\prepare_data.py
Traceback (most recent call last):
  File "D:\AI Trading Bot\Trading Bot Virsions\BATBOT_V11-Antigravity\BATBOT_V11\training\prepare_data.py", line 16, in <module>
    import polars as pl
ModuleNotFoundError: No module named 'polars'

[2026-07-29T08:09:08.381Z] [RECALIBRATION_FAILURE] Command failed: python D:\AI Trading Bot\Trading Bot Virsions\BATBOT_V11-Antigravity\BATBOT_V11\training\prepare_data.py
Traceback (most recent call last):
  File "D:\AI Trading Bot\Trading Bot Virsions\BATBOT_V11-Antigravity\BATBOT_V11\training\prepare_data.py", line 16, in <module>
    import polars as pl
ModuleNotFoundError: No module named 'polars'

[2026-07-29T08:10:08.669Z] [RECALIBRATION_FAILURE] Command failed: python D:\AI Trading Bot\Trading Bot Virsions\BATBOT_V11-Antigravity\BATBOT_V11\training\prepare_data.py
Traceback (most recent call last):
  File "D:\AI Trading Bot\Trading Bot Virsions\BATBOT_V11-Antigravity\BATBOT_V11\training\prepare_data.py", line 16, in <module>
    import polars as pl
ModuleNotFoundError: No module named 'polars'

[2026-07-29T08:11:08.402Z] [RECALIBRATION_FAILURE] Command failed: python D:\AI Trading Bot\Trading Bot Virsions\BATBOT_V11-Antigravity\BATBOT_V11\training\prepare_data.py
Traceback (most recent call last):
  File "D:\AI Trading Bot\Trading Bot Virsions\BATBOT_V11-Antigravity\BATBOT_V11\training\prepare_data.py", line 16, in <module>
    import polars as pl
ModuleNotFoundError: No module named 'polars'

[2026-07-29T08:12:07.964Z] [RECALIBRATION_FAILURE] Command failed: python D:\AI Trading Bot\Trading Bot Virsions\BATBOT_V11-Antigravity\BATBOT_V11\training\prepare_data.py
Traceback (most recent call last):
  File "D:\AI Trading Bot\Trading Bot Virsions\BATBOT_V11-Antigravity\BATBOT_V11\training\prepare_data.py", line 16, in <module>
    import polars as pl
ModuleNotFoundError: No module named 'polars'

[2026-07-29T08:13:08.143Z] [RECALIBRATION_FAILURE] Command failed: python D:\AI Trading Bot\Trading Bot Virsions\BATBOT_V11-Antigravity\BATBOT_V11\training\prepare_data.py
Traceback (most recent call last):
  File "D:\AI Trading Bot\Trading Bot Virsions\BATBOT_V11-Antigravity\BATBOT_V11\training\prepare_data.py", line 16, in <module>
    import polars as pl
ModuleNotFoundError: No module named 'polars'

[2026-07-29T08:14:17.534Z] [RECALIBRATION_FAILURE] Command failed: python D:\AI Trading Bot\Trading Bot Virsions\BATBOT_V11-Antigravity\BATBOT_V11\training\prepare_data.py
Traceback (most recent call last):
  File "D:\AI Trading Bot\Trading Bot Virsions\BATBOT_V11-Antigravity\BATBOT_V11\training\prepare_data.py", line 17, in <module>
    import torch
ModuleNotFoundError: No module named 'torch'

[2026-07-29T08:15:11.449Z] [RECALIBRATION_FAILURE] Command failed: python D:\AI Trading Bot\Trading Bot Virsions\BATBOT_V11-Antigravity\BATBOT_V11\training\prepare_data.py
Traceback (most recent call last):
  File "D:\AI Trading Bot\Trading Bot Virsions\BATBOT_V11-Antigravity\BATBOT_V11\training\prepare_data.py", line 17, in <module>
    import torch
ModuleNotFoundError: No module named 'torch'

[2026-07-29T08:16:09.986Z] [RECALIBRATION_FAILURE] Command failed: python D:\AI Trading Bot\Trading Bot Virsions\BATBOT_V11-Antigravity\BATBOT_V11\training\prepare_data.py
Traceback (most recent call last):
  File "D:\AI Trading Bot\Trading Bot Virsions\BATBOT_V11-Antigravity\BATBOT_V11\training\prepare_data.py", line 17, in <module>
    import torch
ModuleNotFoundError: No module named 'torch'

[2026-07-29T08:17:09.600Z] [RECALIBRATION_FAILURE] Command failed: python D:\AI Trading Bot\Trading Bot Virsions\BATBOT_V11-Antigravity\BATBOT_V11\training\prepare_data.py
Traceback (most recent call last):
  File "D:\AI Trading Bot\Trading Bot Virsions\BATBOT_V11-Antigravity\BATBOT_V11\training\prepare_data.py", line 17, in <module>
    import torch
ModuleNotFoundError: No module named 'torch'

[2026-07-29T08:18:09.414Z] [RECALIBRATION_FAILURE] Command failed: python D:\AI Trading Bot\Trading Bot Virsions\BATBOT_V11-Antigravity\BATBOT_V11\training\prepare_data.py
Traceback (most recent call last):
  File "D:\AI Trading Bot\Trading Bot Virsions\BATBOT_V11-Antigravity\BATBOT_V11\training\prepare_data.py", line 17, in <module>
    import torch
ModuleNotFoundError: No module named 'torch'

[2026-07-29T08:31:08.449Z] [RECALIBRATION_FAILURE] Command failed: python D:\AI Trading Bot\Trading Bot Virsions\BATBOT_V11-Antigravity\BATBOT_V11\training\prepare_data.py
Traceback (most recent call last):
  File "D:\AI Trading Bot\Trading Bot Virsions\BATBOT_V11-Antigravity\BATBOT_V11\training\prepare_data.py", line 18, in <module>
    from safetensors.torch import save_file
ModuleNotFoundError: No module named 'safetensors'

[2026-07-29T08:32:02.209Z] [RECALIBRATION_FAILURE] Command failed: python D:\AI Trading Bot\Trading Bot Virsions\BATBOT_V11-Antigravity\BATBOT_V11\training\prepare_data.py
Traceback (most recent call last):
  File "D:\AI Trading Bot\Trading Bot Virsions\BATBOT_V11-Antigravity\BATBOT_V11\training\prepare_data.py", line 18, in <module>
    from safetensors.torch import save_file
ModuleNotFoundError: No module named 'safetensors'

[2026-07-29T08:33:04.650Z] [RECALIBRATION_FAILURE] Command failed: python D:\AI Trading Bot\Trading Bot Virsions\BATBOT_V11-Antigravity\BATBOT_V11\training\prepare_data.py
Traceback (most recent call last):
  File "D:\AI Trading Bot\Trading Bot Virsions\BATBOT_V11-Antigravity\BATBOT_V11\training\prepare_data.py", line 18, in <module>
    from safetensors.torch import save_file
ModuleNotFoundError: No module named 'safetensors'

[2026-07-29T08:34:06.229Z] [RECALIBRATION_FAILURE] Command failed: python D:\AI Trading Bot\Trading Bot Virsions\BATBOT_V11-Antigravity\BATBOT_V11\training\prepare_data.py
Traceback (most recent call last):
  File "D:\AI Trading Bot\Trading Bot Virsions\BATBOT_V11-Antigravity\BATBOT_V11\training\prepare_data.py", line 18, in <module>
    from safetensors.torch import save_file
ModuleNotFoundError: No module named 'safetensors'

[2026-07-29T08:34:59.776Z] [RECALIBRATION_FAILURE] Command failed: python D:\AI Trading Bot\Trading Bot Virsions\BATBOT_V11-Antigravity\BATBOT_V11\training\prepare_data.py
Traceback (most recent call last):
  File "D:\AI Trading Bot\Trading Bot Virsions\BATBOT_V11-Antigravity\BATBOT_V11\training\prepare_data.py", line 18, in <module>
    from safetensors.torch import save_file
ModuleNotFoundError: No module named 'safetensors'

[2026-07-29T08:35:58.340Z] [RECALIBRATION_FAILURE] Command failed: python D:\AI Trading Bot\Trading Bot Virsions\BATBOT_V11-Antigravity\BATBOT_V11\training\prepare_data.py
Traceback (most recent call last):
  File "D:\AI Trading Bot\Trading Bot Virsions\BATBOT_V11-Antigravity\BATBOT_V11\training\prepare_data.py", line 18, in <module>
    from safetensors.torch import save_file
ModuleNotFoundError: No module named 'safetensors'

[2026-07-29T08:37:01.720Z] [RECALIBRATION_FAILURE] Command failed: python D:\AI Trading Bot\Trading Bot Virsions\BATBOT_V11-Antigravity\BATBOT_V11\training\prepare_data.py
Traceback (most recent call last):
  File "D:\AI Trading Bot\Trading Bot Virsions\BATBOT_V11-Antigravity\BATBOT_V11\training\prepare_data.py", line 18, in <module>
    from safetensors.torch import save_file
ModuleNotFoundError: No module named 'safetensors'

[2026-07-29T08:38:05.907Z] [RECALIBRATION_FAILURE] Command failed: python D:\AI Trading Bot\Trading Bot Virsions\BATBOT_V11-Antigravity\BATBOT_V11\training\prepare_data.py
Traceback (most recent call last):
  File "D:\AI Trading Bot\Trading Bot Virsions\BATBOT_V11-Antigravity\BATBOT_V11\training\prepare_data.py", line 18, in <module>
    from safetensors.torch import save_file
ModuleNotFoundError: No module named 'safetensors'

[2026-07-29T08:49:18.103Z] [RECALIBRATION_FAILURE] Command failed: D:\AI Trading Bot\Trading Bot Virsions\BATBOT_V11-Antigravity\BATBOT_V11\training\.venv\Scripts\python.exe D:\AI Trading Bot\Trading Bot Virsions\BATBOT_V11-Antigravity\BATBOT_V11\training\train_cfc.py

[2026-07-29T08:54:04.234Z] [RECALIBRATION_FAILURE] Command failed: D:\AI Trading Bot\Trading Bot Virsions\BATBOT_V11-Antigravity\BATBOT_V11\training\.venv\Scripts\python.exe D:\AI Trading Bot\Trading Bot Virsions\BATBOT_V11-Antigravity\BATBOT_V11\training\prepare_data.py

[2026-07-29T08:59:49.346Z] [RECALIBRATION_FAILURE] Command failed: D:\AI Trading Bot\Trading Bot Virsions\BATBOT_V11-Antigravity\BATBOT_V11\training\.venv\Scripts\python.exe D:\AI Trading Bot\Trading Bot Virsions\BATBOT_V11-Antigravity\BATBOT_V11\training\train_cfc.py

[2026-07-29T09:05:41.951Z] [RECALIBRATION_FAILURE] Command failed: D:\AI Trading Bot\Trading Bot Virsions\BATBOT_V11-Antigravity\BATBOT_V11\training\.venv\Scripts\python.exe D:\AI Trading Bot\Trading Bot Virsions\BATBOT_V11-Antigravity\BATBOT_V11\training\train_cfc.py

[2026-07-29T09:10:54.127Z] [RECALIBRATION_FAILURE] Command failed: D:\AI Trading Bot\Trading Bot Virsions\BATBOT_V11-Antigravity\BATBOT_V11\training\.venv\Scripts\python.exe D:\AI Trading Bot\Trading Bot Virsions\BATBOT_V11-Antigravity\BATBOT_V11\training\train_cfc.py

[2026-07-29T09:16:07.191Z] [RECALIBRATION_FAILURE] Command failed: D:\AI Trading Bot\Trading Bot Virsions\BATBOT_V11-Antigravity\BATBOT_V11\training\.venv\Scripts\python.exe D:\AI Trading Bot\Trading Bot Virsions\BATBOT_V11-Antigravity\BATBOT_V11\training\train_cfc.py

[2026-07-29T09:21:17.624Z] [RECALIBRATION_FAILURE] Command failed: D:\AI Trading Bot\Trading Bot Virsions\BATBOT_V11-Antigravity\BATBOT_V11\training\.venv\Scripts\python.exe D:\AI Trading Bot\Trading Bot Virsions\BATBOT_V11-Antigravity\BATBOT_V11\training\train_cfc.py

[2026-07-29T09:26:28.013Z] [RECALIBRATION_FAILURE] Command failed: D:\AI Trading Bot\Trading Bot Virsions\BATBOT_V11-Antigravity\BATBOT_V11\training\.venv\Scripts\python.exe D:\AI Trading Bot\Trading Bot Virsions\BATBOT_V11-Antigravity\BATBOT_V11\training\train_cfc.py

[2026-07-29T09:31:38.024Z] [RECALIBRATION_FAILURE] Command failed: D:\AI Trading Bot\Trading Bot Virsions\BATBOT_V11-Antigravity\BATBOT_V11\training\.venv\Scripts\python.exe D:\AI Trading Bot\Trading Bot Virsions\BATBOT_V11-Antigravity\BATBOT_V11\training\train_cfc.py

[2026-07-29T09:36:48.484Z] [RECALIBRATION_FAILURE] Command failed: D:\AI Trading Bot\Trading Bot Virsions\BATBOT_V11-Antigravity\BATBOT_V11\training\.venv\Scripts\python.exe D:\AI Trading Bot\Trading Bot Virsions\BATBOT_V11-Antigravity\BATBOT_V11\training\train_cfc.py

[2026-07-29T09:46:37.204Z] [RECALIBRATION_FAILURE] Command failed: D:\AI Trading Bot\Trading Bot Virsions\BATBOT_V11-Antigravity\BATBOT_V11\training\.venv\Scripts\python.exe D:\AI Trading Bot\Trading Bot Virsions\BATBOT_V11-Antigravity\BATBOT_V11\training\train_cfc.py

[2026-07-29T09:52:13.832Z] [RECALIBRATION_FAILURE] Command failed: D:\AI Trading Bot\Trading Bot Virsions\BATBOT_V11-Antigravity\BATBOT_V11\training\.venv\Scripts\python.exe D:\AI Trading Bot\Trading Bot Virsions\BATBOT_V11-Antigravity\BATBOT_V11\training\train_cfc.py

[2026-07-29T09:57:32.616Z] [RECALIBRATION_FAILURE] Command failed: D:\AI Trading Bot\Trading Bot Virsions\BATBOT_V11-Antigravity\BATBOT_V11\training\.venv\Scripts\python.exe D:\AI Trading Bot\Trading Bot Virsions\BATBOT_V11-Antigravity\BATBOT_V11\training\train_cfc.py

[2026-07-29T10:02:44.749Z] [RECALIBRATION_FAILURE] Command failed: D:\AI Trading Bot\Trading Bot Virsions\BATBOT_V11-Antigravity\BATBOT_V11\training\.venv\Scripts\python.exe D:\AI Trading Bot\Trading Bot Virsions\BATBOT_V11-Antigravity\BATBOT_V11\training\train_cfc.py

[2026-07-29T10:08:01.464Z] [RECALIBRATION_FAILURE] Command failed: D:\AI Trading Bot\Trading Bot Virsions\BATBOT_V11-Antigravity\BATBOT_V11\training\.venv\Scripts\python.exe D:\AI Trading Bot\Trading Bot Virsions\BATBOT_V11-Antigravity\BATBOT_V11\training\train_cfc.py

[2026-07-29T10:13:14.055Z] [RECALIBRATION_FAILURE] Command failed: D:\AI Trading Bot\Trading Bot Virsions\BATBOT_V11-Antigravity\BATBOT_V11\training\.venv\Scripts\python.exe D:\AI Trading Bot\Trading Bot Virsions\BATBOT_V11-Antigravity\BATBOT_V11\training\train_cfc.py

[2026-07-29T10:18:27.880Z] [RECALIBRATION_FAILURE] Command failed: D:\AI Trading Bot\Trading Bot Virsions\BATBOT_V11-Antigravity\BATBOT_V11\training\.venv\Scripts\python.exe D:\AI Trading Bot\Trading Bot Virsions\BATBOT_V11-Antigravity\BATBOT_V11\training\train_cfc.py

[2026-07-29T10:23:40.281Z] [RECALIBRATION_FAILURE] Command failed: D:\AI Trading Bot\Trading Bot Virsions\BATBOT_V11-Antigravity\BATBOT_V11\training\.venv\Scripts\python.exe D:\AI Trading Bot\Trading Bot Virsions\BATBOT_V11-Antigravity\BATBOT_V11\training\train_cfc.py

[2026-07-29T10:28:49.550Z] [RECALIBRATION_FAILURE] Command failed: D:\AI Trading Bot\Trading Bot Virsions\BATBOT_V11-Antigravity\BATBOT_V11\training\.venv\Scripts\python.exe D:\AI Trading Bot\Trading Bot Virsions\BATBOT_V11-Antigravity\BATBOT_V11\training\train_cfc.py

[2026-07-29T10:34:00.561Z] [RECALIBRATION_FAILURE] Command failed: D:\AI Trading Bot\Trading Bot Virsions\BATBOT_V11-Antigravity\BATBOT_V11\training\.venv\Scripts\python.exe D:\AI Trading Bot\Trading Bot Virsions\BATBOT_V11-Antigravity\BATBOT_V11\training\train_cfc.py

[2026-07-29T10:39:11.841Z] [RECALIBRATION_FAILURE] Command failed: D:\AI Trading Bot\Trading Bot Virsions\BATBOT_V11-Antigravity\BATBOT_V11\training\.venv\Scripts\python.exe D:\AI Trading Bot\Trading Bot Virsions\BATBOT_V11-Antigravity\BATBOT_V11\training\train_cfc.py

[2026-07-29T10:44:24.010Z] [RECALIBRATION_FAILURE] Command failed: D:\AI Trading Bot\Trading Bot Virsions\BATBOT_V11-Antigravity\BATBOT_V11\training\.venv\Scripts\python.exe D:\AI Trading Bot\Trading Bot Virsions\BATBOT_V11-Antigravity\BATBOT_V11\training\train_cfc.py

[2026-07-29T10:49:37.452Z] [RECALIBRATION_FAILURE] Command failed: D:\AI Trading Bot\Trading Bot Virsions\BATBOT_V11-Antigravity\BATBOT_V11\training\.venv\Scripts\python.exe D:\AI Trading Bot\Trading Bot Virsions\BATBOT_V11-Antigravity\BATBOT_V11\training\train_cfc.py

[2026-07-29T10:57:03.668Z] [RECALIBRATION_FAILURE] Command failed: D:\AI Trading Bot\Trading Bot Virsions\BATBOT_V11-Antigravity\BATBOT_V11\training\.venv\Scripts\python.exe D:\AI Trading Bot\Trading Bot Virsions\BATBOT_V11-Antigravity\BATBOT_V11\training\train_cfc.py

[2026-07-29T11:02:26.423Z] [RECALIBRATION_FAILURE] Command failed: D:\AI Trading Bot\Trading Bot Virsions\BATBOT_V11-Antigravity\BATBOT_V11\training\.venv\Scripts\python.exe D:\AI Trading Bot\Trading Bot Virsions\BATBOT_V11-Antigravity\BATBOT_V11\training\train_cfc.py

[2026-07-29T11:07:45.076Z] [RECALIBRATION_FAILURE] Command failed: D:\AI Trading Bot\Trading Bot Virsions\BATBOT_V11-Antigravity\BATBOT_V11\training\.venv\Scripts\python.exe D:\AI Trading Bot\Trading Bot Virsions\BATBOT_V11-Antigravity\BATBOT_V11\training\train_cfc.py

[2026-07-29T11:15:26.012Z] [RECALIBRATION_FAILURE] Command failed: D:\AI Trading Bot\Trading Bot Virsions\BATBOT_V11-Antigravity\BATBOT_V11\training\.venv\Scripts\python.exe D:\AI Trading Bot\Trading Bot Virsions\BATBOT_V11-Antigravity\BATBOT_V11\training\train_cfc.py

[2026-07-29T11:20:47.205Z] [RECALIBRATION_FAILURE] Command failed: D:\AI Trading Bot\Trading Bot Virsions\BATBOT_V11-Antigravity\BATBOT_V11\training\.venv\Scripts\python.exe D:\AI Trading Bot\Trading Bot Virsions\BATBOT_V11-Antigravity\BATBOT_V11\training\train_cfc.py

[2026-07-29T11:26:37.273Z] [RECALIBRATION_FAILURE] Command failed: D:\AI Trading Bot\Trading Bot Virsions\BATBOT_V11-Antigravity\BATBOT_V11\training\.venv\Scripts\python.exe D:\AI Trading Bot\Trading Bot Virsions\BATBOT_V11-Antigravity\BATBOT_V11\training\train_cfc.py

[2026-07-29T11:43:04.260Z] [RECALIBRATION_FAILURE] Command failed: D:\AI Trading Bot\Trading Bot Virsions\BATBOT_V11-Antigravity\BATBOT_V11\training\.venv\Scripts\python.exe D:\AI Trading Bot\Trading Bot Virsions\BATBOT_V11-Antigravity\BATBOT_V11\training\train_cfc.py

[2026-07-29T11:48:26.426Z] [RECALIBRATION_FAILURE] Command failed: D:\AI Trading Bot\Trading Bot Virsions\BATBOT_V11-Antigravity\BATBOT_V11\training\.venv\Scripts\python.exe D:\AI Trading Bot\Trading Bot Virsions\BATBOT_V11-Antigravity\BATBOT_V11\training\train_cfc.py

[2026-07-29T11:53:47.020Z] [RECALIBRATION_FAILURE] Command failed: D:\AI Trading Bot\Trading Bot Virsions\BATBOT_V11-Antigravity\BATBOT_V11\training\.venv\Scripts\python.exe D:\AI Trading Bot\Trading Bot Virsions\BATBOT_V11-Antigravity\BATBOT_V11\training\train_cfc.py

[2026-07-29T12:01:21.546Z] [RECALIBRATION_FAILURE] Command failed: D:\AI Trading Bot\Trading Bot Virsions\BATBOT_V11-Antigravity\BATBOT_V11\training\.venv\Scripts\python.exe D:\AI Trading Bot\Trading Bot Virsions\BATBOT_V11-Antigravity\BATBOT_V11\training\train_cfc.py

[2026-07-29T12:23:00.831Z] [RECALIBRATION_FAILURE] Command failed: D:\AI Trading Bot\Trading Bot Virsions\BATBOT_V11-Antigravity\BATBOT_V11\training\.venv\Scripts\python.exe D:\AI Trading Bot\Trading Bot Virsions\BATBOT_V11-Antigravity\BATBOT_V11\training\train_cfc.py

[2026-07-29T12:39:52.372Z] [RECALIBRATION_FAILURE] Command failed: D:\AI Trading Bot\Trading Bot Virsions\BATBOT_V11-Antigravity\BATBOT_V11\training\.venv\Scripts\python.exe D:\AI Trading Bot\Trading Bot Virsions\BATBOT_V11-Antigravity\BATBOT_V11\training\train_cfc.py

[2026-07-29T12:45:06.404Z] [RECALIBRATION_FAILURE] Command failed: D:\AI Trading Bot\Trading Bot Virsions\BATBOT_V11-Antigravity\BATBOT_V11\training\.venv\Scripts\python.exe D:\AI Trading Bot\Trading Bot Virsions\BATBOT_V11-Antigravity\BATBOT_V11\training\train_cfc.py

[2026-07-29T12:50:18.556Z] [RECALIBRATION_FAILURE] Command failed: D:\AI Trading Bot\Trading Bot Virsions\BATBOT_V11-Antigravity\BATBOT_V11\training\.venv\Scripts\python.exe D:\AI Trading Bot\Trading Bot Virsions\BATBOT_V11-Antigravity\BATBOT_V11\training\train_cfc.py

[2026-07-29T12:55:31.484Z] [RECALIBRATION_FAILURE] Command failed: D:\AI Trading Bot\Trading Bot Virsions\BATBOT_V11-Antigravity\BATBOT_V11\training\.venv\Scripts\python.exe D:\AI Trading Bot\Trading Bot Virsions\BATBOT_V11-Antigravity\BATBOT_V11\training\train_cfc.py

[2026-07-29T13:00:45.034Z] [RECALIBRATION_FAILURE] Command failed: D:\AI Trading Bot\Trading Bot Virsions\BATBOT_V11-Antigravity\BATBOT_V11\training\.venv\Scripts\python.exe D:\AI Trading Bot\Trading Bot Virsions\BATBOT_V11-Antigravity\BATBOT_V11\training\train_cfc.py

[2026-07-29T13:05:55.878Z] [RECALIBRATION_FAILURE] Command failed: D:\AI Trading Bot\Trading Bot Virsions\BATBOT_V11-Antigravity\BATBOT_V11\training\.venv\Scripts\python.exe D:\AI Trading Bot\Trading Bot Virsions\BATBOT_V11-Antigravity\BATBOT_V11\training\train_cfc.py

[2026-07-29T13:11:13.010Z] [RECALIBRATION_FAILURE] Command failed: D:\AI Trading Bot\Trading Bot Virsions\BATBOT_V11-Antigravity\BATBOT_V11\training\.venv\Scripts\python.exe D:\AI Trading Bot\Trading Bot Virsions\BATBOT_V11-Antigravity\BATBOT_V11\training\train_cfc.py

[2026-07-29T13:59:05.417Z] [RECALIBRATION_FAILURE] Command failed: D:\AI Trading Bot\Trading Bot Virsions\BATBOT_V11-Antigravity\BATBOT_V11\training\.venv\Scripts\python.exe D:\AI Trading Bot\Trading Bot Virsions\BATBOT_V11-Antigravity\BATBOT_V11\training\train_cfc.py
 [KILLED BY NODE TIMEOUT (signal: SIGTERM)]
--- PYTHON STDOUT LOG ---
===========================================================================
BATBOT_V11 SOTA CfC LIQUID NEURAL NETWORK TRAINING PIPELINE
===========================================================================
[Device] Operating on: cpu (CPU threads: 8)
[Dataset] Loading SafeTensors from 'D:\AI Trading Bot\Trading Bot Virsions\BATBOT_V11-Antigravity\BATBOT_V11\data\cfc_features.safetensors'...
[Dataset] Train sequences: 45313 | Val sequences: 11256
[Training] Starting CfC optimization for 35 epochs (Batch Size: 256)...
Epoch 05/35 | Train Loss: 0.234362 | Train IC: +0.5313 | Val Loss: 0.467657 | Val IC: +0.0647
Epoch 10/35 | Train Loss: 0.212749 | Train IC: +0.5745 | Val Loss: 0.464063 | Val IC: +0.0719
Epoch 15/35 | Train Loss: 0.199821 | Train IC: +0.6004 | Val Loss: 0.459929 | Val IC: +0.0801
Epoch 20/35 | Train Loss: 0.187165 | Train IC: +0.6257 | Val Loss: 0.478015 | Val IC: +0.0440
[2026-07-29T14:24:45.004Z] [RECALIBRATION_FAILURE] Command failed: D:\AI Trading Bot\Trading Bot Virsions\BATBOT_V11-Antigravity\BATBOT_V11\training\.venv\Scripts\python.exe D:\AI Trading Bot\Trading Bot Virsions\BATBOT_V11-Antigravity\BATBOT_V11\training\train_cfc.py
 [KILLED BY NODE TIMEOUT (signal: SIGTERM)]
--- PYTHON STDOUT LOG ---
===========================================================================
BATBOT_V11 SOTA CfC LIQUID NEURAL NETWORK TRAINING PIPELINE
===========================================================================
[Device] Operating on: cpu (CPU threads: 8)
[Dataset] Loading SafeTensors from 'D:\AI Trading Bot\Trading Bot Virsions\BATBOT_V11-Antigravity\BATBOT_V11\data\cfc_features.safetensors'...
[Dataset] Train sequences: 46386 | Val sequences: 11524
[Training] Starting CfC optimization for 35 epochs (Batch Size: 256)...
Epoch 05/35 | Train Loss: 0.254300 | Train IC: +0.4914 | Val Loss: 0.469775 | Val IC: +0.0605
Epoch 10/35 | Train Loss: 0.220546 | Train IC: +0.5589 | Val Loss: 0.436854 | Val IC: +0.1263
Epoch 15/35 | Train Loss: 0.203375 | Train IC: +0.5933 | Val Loss: 0.458223 | Val IC: +0.0836
Epoch 20/35 | Train Loss: 0.203105 | Train IC: +0.5938 | Val Loss: 0.468245 | Val IC: +0.0635
Epoch 25/35 | Train Loss: 0.208975 | Train IC: +0.5821 | Val Loss: 0.467594 | Val IC: +0.0648
[2026-07-29T14:39:54.327Z] [RECALIBRATION_FAILURE] Command failed: D:\AI Trading Bot\Trading Bot Virsions\BATBOT_V11-Antigravity\BATBOT_V11\training\.venv\Scripts\python.exe D:\AI Trading Bot\Trading Bot Virsions\BATBOT_V11-Antigravity\BATBOT_V11\training\train_cfc.py
 [KILLED BY NODE TIMEOUT (signal: SIGTERM)]
--- PYTHON STDOUT LOG ---
===========================================================================
BATBOT_V11 SOTA CfC LIQUID NEURAL NETWORK TRAINING PIPELINE
===========================================================================
[Device] Operating on: cpu (CPU threads: 8)
[Dataset] Loading SafeTensors from 'D:\AI Trading Bot\Trading Bot Virsions\BATBOT_V11-Antigravity\BATBOT_V11\data\cfc_features.safetensors'...
[Dataset] Train sequences: 47056 | Val sequences: 11691
[Training] Starting CfC optimization for 35 epochs (Batch Size: 256)...
Epoch 05/35 | Train Loss: 0.234635 | Train IC: +0.5307 | Val Loss: 0.452836 | Val IC: +0.0943
Epoch 10/35 | Train Loss: 0.211473 | Train IC: +0.5771 | Val Loss: 0.446304 | Val IC: +0.1074
Epoch 15/35 | Train Loss: 0.206359 | Train IC: +0.5873 | Val Loss: 0.470896 | Val IC: +0.0582
Epoch 20/35 | Train Loss: 0.209205 | Train IC: +0.5816 | Val Loss: 0.473702 | Val IC: +0.0526
Epoch 25/35 | Train Loss: 0.199823 | Train IC: +0.6004 | Val Loss: 0.464676 | Val IC: +0.0707
[2026-07-29T14:55:04.856Z] [RECALIBRATION_FAILURE] Command failed: D:\AI Trading Bot\Trading Bot Virsions\BATBOT_V11-Antigravity\BATBOT_V11\training\.venv\Scripts\python.exe D:\AI Trading Bot\Trading Bot Virsions\BATBOT_V11-Antigravity\BATBOT_V11\training\train_cfc.py
 [KILLED BY NODE TIMEOUT (signal: SIGTERM)]
--- PYTHON STDOUT LOG ---
===========================================================================
BATBOT_V11 SOTA CfC LIQUID NEURAL NETWORK TRAINING PIPELINE
===========================================================================
[Device] Operating on: cpu (CPU threads: 8)
[Dataset] Loading SafeTensors from 'D:\AI Trading Bot\Trading Bot Virsions\BATBOT_V11-Antigravity\BATBOT_V11\data\cfc_features.safetensors'...
[Dataset] Train sequences: 47731 | Val sequences: 11860
[Training] Starting CfC optimization for 35 epochs (Batch Size: 256)...
Epoch 05/35 | Train Loss: 0.245254 | Train IC: +0.5095 | Val Loss: 0.439672 | Val IC: +0.1207
Epoch 10/35 | Train Loss: 0.221297 | Train IC: +0.5574 | Val Loss: 0.459600 | Val IC: +0.0808
Epoch 15/35 | Train Loss: 0.208531 | Train IC: +0.5829 | Val Loss: 0.457785 | Val IC: +0.0844
Epoch 20/35 | Train Loss: 0.204290 | Train IC: +0.5914 | Val Loss: 0.470802 | Val IC: +0.0584
Epoch 25/35 | Train Loss: 0.211195 | Train IC: +0.5776 | Val Loss: 0.467820 | Val IC: +0.0644
[2026-07-29T15:10:15.573Z] [RECALIBRATION_FAILURE] Command failed: D:\AI Trading Bot\Trading Bot Virsions\BATBOT_V11-Antigravity\BATBOT_V11\training\.venv\Scripts\python.exe D:\AI Trading Bot\Trading Bot Virsions\BATBOT_V11-Antigravity\BATBOT_V11\training\train_cfc.py
 [KILLED BY NODE TIMEOUT (signal: SIGTERM)]
--- PYTHON STDOUT LOG ---
===========================================================================
BATBOT_V11 SOTA CfC LIQUID NEURAL NETWORK TRAINING PIPELINE
===========================================================================
[Device] Operating on: cpu (CPU threads: 8)
[Dataset] Loading SafeTensors from 'D:\AI Trading Bot\Trading Bot Virsions\BATBOT_V11-Antigravity\BATBOT_V11\data\cfc_features.safetensors'...
[Dataset] Train sequences: 48409 | Val sequences: 12030
[Training] Starting CfC optimization for 35 epochs (Batch Size: 256)...
Epoch 05/35 | Train Loss: 0.244661 | Train IC: +0.5107 | Val Loss: 0.433352 | Val IC: +0.1333
Epoch 10/35 | Train Loss: 0.209774 | Train IC: +0.5805 | Val Loss: 0.458965 | Val IC: +0.0821
Epoch 15/35 | Train Loss: 0.206880 | Train IC: +0.5862 | Val Loss: 0.472132 | Val IC: +0.0557
Epoch 20/35 | Train Loss: 0.195229 | Train IC: +0.6095 | Val Loss: 0.445573 | Val IC: +0.1089
Epoch 25/35 | Train Loss: 0.196510 | Train IC: +0.6070 | Val Loss: 0.468488 | Val IC: +0.0630
[2026-07-29T15:25:24.387Z] [RECALIBRATION_FAILURE] Command failed: D:\AI Trading Bot\Trading Bot Virsions\BATBOT_V11-Antigravity\BATBOT_V11\training\.venv\Scripts\python.exe D:\AI Trading Bot\Trading Bot Virsions\BATBOT_V11-Antigravity\BATBOT_V11\training\train_cfc.py
 [KILLED BY NODE TIMEOUT (signal: SIGTERM)]
--- PYTHON STDOUT LOG ---
===========================================================================
BATBOT_V11 SOTA CfC LIQUID NEURAL NETWORK TRAINING PIPELINE
===========================================================================
[Device] Operating on: cpu (CPU threads: 8)
[Dataset] Loading SafeTensors from 'D:\AI Trading Bot\Trading Bot Virsions\BATBOT_V11-Antigravity\BATBOT_V11\data\cfc_features.safetensors'...
[Dataset] Train sequences: 49085 | Val sequences: 12199
[Training] Starting CfC optimization for 35 epochs (Batch Size: 256)...
Epoch 05/35 | Train Loss: 0.234633 | Train IC: +0.5307 | Val Loss: 0.468682 | Val IC: +0.0626
Epoch 10/35 | Train Loss: 0.208199 | Train IC: +0.5836 | Val Loss: 0.444110 | Val IC: +0.1118
Epoch 15/35 | Train Loss: 0.207080 | Train IC: +0.5858 | Val Loss: 0.497404 | Val IC: +0.0052
Epoch 20/35 | Train Loss: 0.203351 | Train IC: +0.5933 | Val Loss: 0.483160 | Val IC: +0.0337
[2026-07-29T16:32:16.703Z] [RECALIBRATION_FAILURE] Command failed: D:\AI Trading Bot\Trading Bot Virsions\BATBOT_V11-Antigravity\BATBOT_V11\training\.venv\Scripts\python.exe D:\AI Trading Bot\Trading Bot Virsions\BATBOT_V11-Antigravity\BATBOT_V11\training\train_cfc.py
 [KILLED BY NODE TIMEOUT (signal: SIGTERM)]
--- PYTHON STDOUT LOG ---
===========================================================================
BATBOT_V11 SOTA CfC LIQUID NEURAL NETWORK TRAINING PIPELINE
===========================================================================
[Device] Operating on: cpu (CPU threads: 8)
[Dataset] Loading SafeTensors from 'D:\AI Trading Bot\Trading Bot Virsions\BATBOT_V11-Antigravity\BATBOT_V11\data\cfc_features.safetensors'...
[Dataset] Train sequences: 51274 | Val sequences: 12746
[Training] Starting CfC optimization for 35 epochs (Batch Size: 256)...
Epoch 05/35 | Train Loss: 0.249465 | Train IC: +0.5011 | Val Loss: 0.448028 | Val IC: +0.1040
Epoch 10/35 | Train Loss: 0.219373 | Train IC: +0.5613 | Val Loss: 0.452855 | Val IC: +0.0943
Epoch 15/35 | Train Loss: 0.206397 | Train IC: +0.5872 | Val Loss: 0.428627 | Val IC: +0.1428
Epoch 20/35 | Train Loss: 0.197468 | Train IC: +0.6051 | Val Loss: 0.445099 | Val IC: +0.1098
[2026-07-29T16:47:29.233Z] [RECALIBRATION_FAILURE] Command failed: D:\AI Trading Bot\Trading Bot Virsions\BATBOT_V11-Antigravity\BATBOT_V11\training\.venv\Scripts\python.exe D:\AI Trading Bot\Trading Bot Virsions\BATBOT_V11-Antigravity\BATBOT_V11\training\train_cfc.py
 [KILLED BY NODE TIMEOUT (signal: SIGTERM)]
--- PYTHON STDOUT LOG ---
===========================================================================
BATBOT_V11 SOTA CfC LIQUID NEURAL NETWORK TRAINING PIPELINE
===========================================================================
[Device] Operating on: cpu (CPU threads: 8)
[Dataset] Loading SafeTensors from 'D:\AI Trading Bot\Trading Bot Virsions\BATBOT_V11-Antigravity\BATBOT_V11\data\cfc_features.safetensors'...
[Dataset] Train sequences: 51944 | Val sequences: 12913
[Training] Starting CfC optimization for 35 epochs (Batch Size: 256)...
Epoch 05/35 | Train Loss: 0.252010 | Train IC: +0.4960 | Val Loss: 0.461132 | Val IC: +0.0778
Epoch 10/35 | Train Loss: 0.231742 | Train IC: +0.5365 | Val Loss: 0.460303 | Val IC: +0.0794
Epoch 15/35 | Train Loss: 0.216712 | Train IC: +0.5666 | Val Loss: 0.488258 | Val IC: +0.0235
Epoch 20/35 | Train Loss: 0.210279 | Train IC: +0.5794 | Val Loss: 0.476515 | Val IC: +0.0470
[2026-07-29T17:02:48.370Z] [RECALIBRATION_FAILURE] Command failed: D:\AI Trading Bot\Trading Bot Virsions\BATBOT_V11-Antigravity\BATBOT_V11\training\.venv\Scripts\python.exe D:\AI Trading Bot\Trading Bot Virsions\BATBOT_V11-Antigravity\BATBOT_V11\training\train_cfc.py
 [KILLED BY NODE TIMEOUT (signal: SIGTERM)]
--- PYTHON STDOUT LOG ---
===========================================================================
BATBOT_V11 SOTA CfC LIQUID NEURAL NETWORK TRAINING PIPELINE
===========================================================================
[Device] Operating on: cpu (CPU threads: 8)
[Dataset] Loading SafeTensors from 'D:\AI Trading Bot\Trading Bot Virsions\BATBOT_V11-Antigravity\BATBOT_V11\data\cfc_features.safetensors'...
[Dataset] Train sequences: 52616 | Val sequences: 13081
[Training] Starting CfC optimization for 35 epochs (Batch Size: 256)...
Epoch 05/35 | Train Loss: 0.240562 | Train IC: +0.5189 | Val Loss: 0.428522 | Val IC: +0.1430
Epoch 10/35 | Train Loss: 0.206388 | Train IC: +0.5872 | Val Loss: 0.454104 | Val IC: +0.0918
Epoch 15/35 | Train Loss: 0.216476 | Train IC: +0.5671 | Val Loss: 0.453256 | Val IC: +0.0935
Epoch 20/35 | Train Loss: 0.210506 | Train IC: +0.5790 | Val Loss: 0.463853 | Val IC: +0.0723
[2026-07-29T17:31:20.866Z] [RECALIBRATION_FAILURE] Command failed: D:\AI Trading Bot\Trading Bot Virsions\BATBOT_V11-Antigravity\BATBOT_V11\training\.venv\Scripts\python.exe D:\AI Trading Bot\Trading Bot Virsions\BATBOT_V11-Antigravity\BATBOT_V11\training\train_cfc.py
 [KILLED BY NODE TIMEOUT (signal: SIGTERM)]
--- PYTHON STDOUT LOG ---
===========================================================================
BATBOT_V11 SOTA CfC LIQUID NEURAL NETWORK TRAINING PIPELINE
===========================================================================
[Device] Operating on: cpu (CPU threads: 8)
[Dataset] Loading SafeTensors from 'D:\AI Trading Bot\Trading Bot Virsions\BATBOT_V11-Antigravity\BATBOT_V11\data\cfc_features.safetensors'...
[Dataset] Train sequences: 53861 | Val sequences: 13392
[Training] Starting CfC optimization for 35 epochs (Batch Size: 256)...
Epoch 05/35 | Train Loss: 0.246940 | Train IC: +0.5061 | Val Loss: 0.451150 | Val IC: +0.0977
Epoch 10/35 | Train Loss: 0.212771 | Train IC: +0.5745 | Val Loss: 0.473368 | Val IC: +0.0533
Epoch 15/35 | Train Loss: 0.197184 | Train IC: +0.6056 | Val Loss: 0.458557 | Val IC: +0.0829
Epoch 20/35 | Train Loss: 0.200212 | Train IC: +0.5996 | Val Loss: 0.459816 | Val IC: +0.0804
Epoch 25/35 | Train Loss: 0.193324 | Train IC: +0.6134 | Val Loss: 0.469769 | Val IC: +0.0605
[2026-07-29T17:46:31.510Z] [RECALIBRATION_FAILURE] Command failed: D:\AI Trading Bot\Trading Bot Virsions\BATBOT_V11-Antigravity\BATBOT_V11\training\.venv\Scripts\python.exe D:\AI Trading Bot\Trading Bot Virsions\BATBOT_V11-Antigravity\BATBOT_V11\training\train_cfc.py
 [KILLED BY NODE TIMEOUT (signal: SIGTERM)]
--- PYTHON STDOUT LOG ---
===========================================================================
BATBOT_V11 SOTA CfC LIQUID NEURAL NETWORK TRAINING PIPELINE
===========================================================================
[Device] Operating on: cpu (CPU threads: 8)
[Dataset] Loading SafeTensors from 'D:\AI Trading Bot\Trading Bot Virsions\BATBOT_V11-Antigravity\BATBOT_V11\data\cfc_features.safetensors'...
[Dataset] Train sequences: 54537 | Val sequences: 13562
[Training] Starting CfC optimization for 35 epochs (Batch Size: 256)...
Epoch 05/35 | Train Loss: 0.230392 | Train IC: +0.5392 | Val Loss: 0.460087 | Val IC: +0.0799
Epoch 10/35 | Train Loss: 0.203029 | Train IC: +0.5939 | Val Loss: 0.482933 | Val IC: +0.0342
Epoch 15/35 | Train Loss: 0.200732 | Train IC: +0.5985 | Val Loss: 0.507106 | Val IC: -0.0142
Epoch 20/35 | Train Loss: 0.195860 | Train IC: +0.6083 | Val Loss: 0.469402 | Val IC: +0.0612
Epoch 25/35 | Train Loss: 0.199269 | Train IC: +0.6015 | Val Loss: 0.470632 | Val IC: +0.0588
[2026-07-29T18:06:32.804Z] [RECALIBRATION_FAILURE] Command failed: D:\AI Trading Bot\Trading Bot Virsions\BATBOT_V11-Antigravity\BATBOT_V11\training\.venv\Scripts\python.exe D:\AI Trading Bot\Trading Bot Virsions\BATBOT_V11-Antigravity\BATBOT_V11\training\train_cfc.py
 [KILLED BY NODE TIMEOUT (signal: SIGTERM)]
--- PYTHON STDOUT LOG ---
===========================================================================
BATBOT_V11 SOTA CfC LIQUID NEURAL NETWORK TRAINING PIPELINE
===========================================================================
[Device] Operating on: cpu (CPU threads: 8)
[Dataset] Loading SafeTensors from 'D:\AI Trading Bot\Trading Bot Virsions\BATBOT_V11-Antigravity\BATBOT_V11\data\cfc_features.safetensors'...
[Dataset] Train sequences: 55392 | Val sequences: 13775
[Training] Starting CfC optimization for 35 epochs (Batch Size: 256)...
Epoch 05/35 | Train Loss: 0.225524 | Train IC: +0.5490 | Val Loss: 0.504247 | Val IC: -0.0085
Epoch 10/35 | Train Loss: 0.208072 | Train IC: +0.5839 | Val Loss: 0.491470 | Val IC: +0.0171
Epoch 15/35 | Train Loss: 0.207347 | Train IC: +0.5853 | Val Loss: 0.459167 | Val IC: +0.0817
Epoch 20/35 | Train Loss: 0.203945 | Train IC: +0.5921 | Val Loss: 0.492517 | Val IC: +0.0150
